c[?7l[2J[0mSeaBIOS (version 1.16.3-debian-1.16.3-2)


iPXE (https://ipxe.org) 00:03.0 CA00 PCI2.10 PnP PMM+0EFCACB0+0EF0ACB0 CA00
Press Ctrl-B to configure iPXE (PCI 00:03.0)...                                                                               


Booting from ROM..[    0.000000] Info: [libukrandom] <swrand.c @  111> Initializing the random number generator...
[    0.000000] Info: [libukrandom] <random.c @  108> CSPRNG seed source: CPU
[    0.000000] Info: [libkvmplat] <setup.c @  179> Switch from bootstrap stack to stack @0x11000
[    0.000000] Info: [libukboot] <boot.c @  279> Unikraft constructor table at 0x4b3000 - 0x4b3058
[    0.000000] Info: [libukboot] <boot.c @  288> Initialize memory allocator...
[    0.000000] Info: [libukallocbbuddy] <bbuddy.c @  659> Initialize binary buddy allocator 11000
[    0.000000] Info: [libukboot] <boot.c @  347> Initialize the IRQ subsystem...
[    0.000000] Info: [libukboot] <boot.c @  354> Initialize platform time...
[    0.000000] Info: [libkvmplat] <tscclock.c @  258> Calibrating TSC clock against i8254 timer
[    0.100002] Info: [libkvmplat] <tscclock.c @  279> Clock source: TSC, frequency estimate is 1992170290 Hz
[    0.108661] Info: [libukboot] <boot.c @  358> Initialize scheduling...
[    0.114373] Info: [libukschedcoop] <schedcoop.c @  289> Initializing cooperative scheduler
[    0.121787] Info: [libukboot] <boot.c @  391> Init Table @ 0x4b3058 - 0x4b31d8
[    0.128611] Info: [libukfi] <fi.c @   61> Fault injection site: lib9pfs:unmount in file /srv/unikraft/unikraft/lib/9pfs/9pfs_vfsops.c:265, armed=0, inv=0, trigger.n_invocations=0
[    0.148690] Info: [libukfi] <fi.c @   61> Fault injection site: lib9pfs:mount in file /srv/unikraft/unikraft/lib/9pfs/9pfs_vfsops.c:181, armed=0, inv=0, trigger.n_invocations=0
[    0.178006] Info: [libukfi] <fi.c @   61> Fault injection site: lib9pfs:fsync in file /srv/unikraft/unikraft/lib/9pfs/9pfs_vnops.c:956, armed=0, inv=0, trigger.n_invocations=0
[    0.205953] Info: [libukfi] <fi.c @   61> Fault injection site: lib9pfs:getattr in file /srv/unikraft/unikraft/lib/9pfs/9pfs_vnops.c:761, armed=0, inv=0, trigger.n_invocations=0
[    0.232779] Info: [libukfi] <fi.c @   61> Fault injection site: lib9pfs:write in file /srv/unikraft/unikraft/lib/9pfs/9pfs_vnops.c:678, armed=1, inv=0, trigger.n_invocations=2000
[    0.268691] Info: [libukfi] <fi.c @   61> Fault injection site: lib9pfs:read in file /srv/unikraft/unikraft/lib/9pfs/9pfs_vnops.c:624, armed=0, inv=0, trigger.n_invocations=0
[    0.301758] Info: [libukfi] <fi.c @   61> Fault injection site: lib9pfs:inactive in file /srv/unikraft/unikraft/lib/9pfs/9pfs_vnops.c:395, armed=0, inv=0, trigger.n_invocations=0
[    0.338315] Info: [libukfi] <fi.c @   61> Fault injection site: lib9pfs:lookup in file /srv/unikraft/unikraft/lib/9pfs/9pfs_vnops.c:286, armed=0, inv=0, trigger.n_invocations=0
[    0.377855] Info: [libukfi] <fi.c @   61> Fault injection site: lib9pfs:close in file /srv/unikraft/unikraft/lib/9pfs/9pfs_vnops.c:259, armed=0, inv=0, trigger.n_invocations=0
[    0.415095] Info: [libukfi] <fi.c @   61> Fault injection site: lib9pfs:open in file /srv/unikraft/unikraft/lib/9pfs/9pfs_vnops.c:209, armed=0, inv=0, trigger.n_invocations=0
[    0.451126] Info: [libukbus] <bus.c @  133> Initialize bus handlers...
[    0.464992] Info: [libuk9p] <9pdev_trans.c @   59> Registered transport virtio
[    0.486414] Info: [libukbus] <bus.c @  135> Probe buses...
[    0.500722] Info: [libukbus_pci] <pci_bus.c @  159> PCI 00:00.00 (0600 8086:1237): <no driver>
[    0.523808] Info: [libukbus_pci] <pci_bus.c @  159> PCI 00:01.00 (0600 8086:7000): <no driver>
[    0.548337] Info: [libukbus_pci] <pci_bus.c @  159> PCI 00:02.00 (0300 1234:1111): <no driver>
[    0.572601] Info: [libukbus_pci] <pci_bus.c @  159> PCI 00:03.00 (0200 1af4:1000): driver 0x5f1180
[    0.596001] Info: [libvirtio_pci] <virtio_pci.c @  386> Added virtio-pci device 1000
[    0.617237] Info: [libvirtio_pci] <virtio_pci.c @  388> Added virtio-pci subsystem_device_id 0001
[    0.640666] Info: [libvirtio_bus] <virtio_bus.c @  128> Virtio device 0x752020 initialized
[    0.661398] Info: [libuknetdev] <netdev.c @  198> Registered netdev0: 0x753030 (virtio-net)
[    0.680327] Info: [libukbus_pci] <pci_bus.c @  159> PCI 00:04.00 (0000 1af4:1009): driver 0x5f1180
[    0.698959] Info: [libvirtio_pci] <virtio_pci.c @  386> Added virtio-pci device 1009
[    0.715925] Info: [libvirtio_pci] <virtio_pci.c @  388> Added virtio-pci subsystem_device_id 0009
[    0.734999] Info: [libvirtio_bus] <virtio_bus.c @  128> Virtio device 0x92020 initialized
[    0.752887] Info: [libvirtio_9p] <virtio_9p.c @  408> virtio-9p: Configured: features=0x1 tag=fs0
[    0.771030] Info: [libvirtio_9p] <virtio_9p.c @  422> virtio-9p: fs0 started
[    0.783703] Info: [liblwip] <init.c @  174> Initializing lwip
[    0.794192] Info: [liblwip] <init.c @  225> Attach network device 0 to lwIP...
[    0.811798] Info: [libuknetdev] <netdev.c @  407> netdev0: Configured interface
[    0.829261] Info: [libuknetdev] <netdev.c @  554> netdev0: Configured receive queue 0
[    0.846609] Info: [libuknetdev] <netdev.c @  587> netdev0: Configured transmit queue 0
[    0.864310] Info: [libvirtio_net] <virtio_net.c @ 1403> virtio-net: 0 started
[    0.882586] Info: [libuknetdev] <netdev.c @  606> netdev0: Started interface
[    0.895596] Info: [liblwip] <init.c @  345> en1: Hardware address: 52:54:00:12:34:56
[    0.913499] Info: [liblwip] <init.c @  352> en1: Check checksums:
[    0.924810] Info: [liblwip] <init.c @  371> en1: Generate checksums: IP UDP TCP ICMP ICMP6
[    0.942538] Info: [liblwip] <init.c @  442> en1: Set as default interface
[    0.953682] Info: [liblwip] <init.c @  451> en1: DHCP configuration (background)...
[    0.971321] Info: [libukrandom] <dev.c @  159> Register 'urandom', random, and 'hwrng' to devfs
[    0.989917] Info: [libvfscore] <mount.c @  122> VFS: mounting 9pfs at /
[    1.002369] Warn: [libposix_process] <clone.c @  193> uk_posix_clone_sighand() stubbed
[    1.020264] Warn: [libuklock] <semaphore.c @   23> uk_posix_clone_sysvsem() stubbed
en1: Interface is up
Powered by
o.   .o       _ _               __ _
Oo   Oo  ___ (_) | __ __  __ _ ' _) :_
oO   oO ' _ `| | |/ /  _)' _` | |_|  _)
oOo oOO| | | | |   (| | | (_) |  _) :_
 OoOoO ._, ._:_:_,\_._,  .__,_:_, \___)
          Ijiraq 0.21.0~ea040df5-custom
[    1.045105] Info: [libukboot] <boot.c @  470> Pre-init table at 0x4b32e0 - 0x4b32e0
[    1.061221] Info: [libukboot] <boot.c @  481> Constructor table at 0x4b32e0 - 0x4b32e0
[    1.077290] Info: [libukboot] <boot.c @  496> Environment variables:
[    1.088291] Info: [libukboot] <boot.c @  498> 	PATH=/bin
[    1.097974] Info: [libukboot] <boot.c @  504> Calling main(2, ['workdir/build/redis_qemu-x86_64', '/redis.conf'])
[    1.116653] Warn: [libposix_process] <rt_sigprocmask.c @   72> __uk_syscall_r_rt_sigprocmask() stubbed
[    1.135457] Warn: [libukmmap] <mmap.c @  195> __uk_syscall_r_mprotect() stubbed
[    1.152909] Warn: [libposix_process] <clone.c @  227> Ignoring historical CLONE_DETACHED
1:C 27 Aug 2014 05:49:14.074 # oO0OoO0OoO0Oo Redis is starting oO0OoO0OoO0Oo
1:C 27 Aug 2014 05:49:14.078 # Redis version=7.0.11, bits=64, commit=c5ee3442, modified=1, pid=1, just started
1:C 27 Aug 2014 05:49:14.083 # Configuration loaded
[    1.194914] Warn: [libposix_process] <rt_sigaction.c @   69> __uk_syscall_r_rt_sigaction() stubbed
[    1.228898] ERR:  [libposix_process] <deprecated.c @  337> Ignore updating resource 7: cur = 10032, max = 10032
1:M 27 Aug 2014 05:49:14.146 * Increased maximum number of open files to 10032 (it was originally set to 1024).
1:M 27 Aug 2014 05:49:14.151 * monotonic clock: POSIX clock_gettime
[    1.263648] Warn: [libposix_time] <time.c @  313> __uk_syscall_r_setitimer() stubbed
                _._                                                  
           _.-``__ ''-._                                             
      _.-``    `.  `_.  ''-._           Redis 7.0.11 (c5ee3442/1) 64 bit
  .-`` .-```.  ```\/    _.,_ ''-._                                  
 (    '      ,       .-`  | `,    )     Running in standalone mode
 |`-._`-...-` __...-.``-._|'` _.-'|     Port: 6379
 |    `-._   `._    /     _.-'    |     PID: 1
  `-._    `-._  `-./  _.-'    _.-'                                   
 |`-._`-._    `-.__.-'    _.-'_.-'|                                  
 |    `-._`-._        _.-'_.-'    |           https://redis.io       
  `-._    `-._`-.__.-'_.-'    _.-'                                   
 |`-._`-._    `-.__.-'    _.-'_.-'|                                  
 |    `-._`-._        _.-'_.-'    |                                  
  `-._    `-._`-.__.-'_.-'    _.-'                                   
      `-._    `-.__.-'    _.-'                                       
          `-._        _.-'                                           
              `-.__.-'                                               

1:M 27 Aug 2014 05:49:14.234 # WARNING: The TCP backlog setting of 511 cannot be enforced because SOMAXCONN is set to the lower value of 128.
1:M 27 Aug 2014 05:49:14.241 # Server initialized
[    1.353319] Warn: [libposix_process] <clone.c @  227> Ignoring historical CLONE_DETACHED
[    1.380945] Warn: [libposix_process] <clone.c @  227> Ignoring historical CLONE_DETACHED
[    1.406124] Warn: [libposix_process] <clone.c @  227> Ignoring historical CLONE_DETACHED
1:M 27 Aug 2014 05:49:14.332 * Creating AOF base file appendonly.aof.1.base.rdb on server start
1:M 27 Aug 2014 05:49:14.347 * Creating AOF incr file appendonly.aof.1.incr.aof on server start
1:M 27 Aug 2014 05:49:14.353 * Ready to accept connections
[   10.216972] CRIT: [libukfi] <fi.c @   85> Crash fault injected at /srv/unikraft/unikraft/lib/9pfs/9pfs_vnops.c:678
[   10.258266] CRIT: Unikraft Crash - Ijiraq (0.21.0~ea040df5-custom)
[   10.280620] CRIT:     _      
[   10.295459] CRIT:   cx xo    
[   10.310205] CRIT:   (|O|)/V  
[   10.322487] CRIT:            
[   10.331785] CRIT: Registers:
[   10.339411] CRIT:  rip: 0008:00000000001ba345
[   10.347882] CRIT:  rsp: 0010:000000000fca35a0 eflags: 00010202 orig_rax: 0000000000000000
[   10.363690] CRIT:  rax: 0000000000000001 rbx: 000000000fca3670 rcx:0000000000000007
[   10.379049] CRIT:  rdx: 00000000004d49f0 rsi: 00000000004940e1 rdi:0000000000000001
[   10.394285] CRIT:  rbp: 000000000fca35b0 r08: 0000000000000018 r09:00000000ffffff80
[   10.411467] CRIT:  r10: 00000000000003d4 r11: 00000000000003d5 r12:000000000d404020
[   10.429214] CRIT:  r13: 000000000fef6020 r14: 0000000000000519 r15:000000000fefc020
